Command line invocation:
    /Applications/Xcode.app/Contents/Developer/usr/bin/xcodebuild test -scheme FairSplit -destination "generic/platform=iOS Simulator"

